[
  {
    "band": "Red Hot Chili Peppers",
    "start": "2018-05-25T00:00:00Z",
    "finish": "2018-05-25T00:01:00Z"
  },
  {
    "band": "Pearl Jam",
    "start": "2018-05-25T00:01:00Z",
    "finish": "2018-05-25T00:28:00Z"
  },
  {
    "band": "Red Hot Chili Peppers",
    "start": "2018-05-25T00:28:00Z",
    "finish": "2018-05-25T00:35:00Z"
  },
  {
    "band": "Soundgarden",
    "start": "2018-05-25T00:35:00Z",
    "finish": "2018-05-25T00:45:00Z"
  }
]